Warning: You are sending unauthenticated requests to the HF Hub. Please set a HF_TOKEN to enable higher rate limits and faster downloads.
Cancellation requested; stopping current tasks.
Testing on 10 yes_no samples...
Loading model: google/pix2struct-chartqa-base
Traceback (most recent call last):
  File "/work/users/t/x/txueying/hf_venv/lib/python3.12/site-packages/huggingface_hub/file_download.py", line 558, in xet_get
    download_files(
KeyboardInterrupt

During handling of the above exception, another exception occurred:

Traceback (most recent call last):
  File "/nas/longleaf/home/txueying/CGM-VQA/run_test_yesno.py", line 93, in <module>
    run_test()
  File "/nas/longleaf/home/txueying/CGM-VQA/run_test_yesno.py", line 50, in run_test
    model, processor = load_model(DEFAULT_MODEL)
                       ^^^^^^^^^^^^^^^^^^^^^^^^^
  File "/nas/longleaf/home/txueying/CGM-VQA/run_test_yesno.py", line 26, in load_model
    model = Pix2StructForConditionalGeneration.from_pretrained(
            ^^^^^^^^^^^^^^^^^^^^^^^^^^^^^^^^^^^^^^^^^^^^^^^^^^^
  File "/work/users/t/x/txueying/hf_venv/lib/python3.12/site-packages/transformers/modeling_utils.py", line 4057, in from_pretrained
    checkpoint_files, sharded_metadata = _get_resolved_checkpoint_files(
                                         ^^^^^^^^^^^^^^^^^^^^^^^^^^^^^^^
  File "/work/users/t/x/txueying/hf_venv/lib/python3.12/site-packages/transformers/modeling_utils.py", line 645, in _get_resolved_checkpoint_files
    resolved_archive_file = cached_file(
                            ^^^^^^^^^^^^
  File "/work/users/t/x/txueying/hf_venv/lib/python3.12/site-packages/transformers/utils/hub.py", line 278, in cached_file
    file = cached_files(path_or_repo_id=path_or_repo_id, filenames=[filename], **kwargs)
           ^^^^^^^^^^^^^^^^^^^^^^^^^^^^^^^^^^^^^^^^^^^^^^^^^^^^^^^^^^^^^^^^^^^^^^^^^^^^^
  File "/work/users/t/x/txueying/hf_venv/lib/python3.12/site-packages/transformers/utils/hub.py", line 422, in cached_files
    hf_hub_download(
  File "/work/users/t/x/txueying/hf_venv/lib/python3.12/site-packages/huggingface_hub/utils/_validators.py", line 88, in _inner_fn
    return fn(*args, **kwargs)
           ^^^^^^^^^^^^^^^^^^^
  File "/work/users/t/x/txueying/hf_venv/lib/python3.12/site-packages/huggingface_hub/file_download.py", line 997, in hf_hub_download
    return _hf_hub_download_to_cache_dir(
           ^^^^^^^^^^^^^^^^^^^^^^^^^^^^^^
  File "/work/users/t/x/txueying/hf_venv/lib/python3.12/site-packages/huggingface_hub/file_download.py", line 1216, in _hf_hub_download_to_cache_dir
    _download_to_tmp_and_move(
  File "/work/users/t/x/txueying/hf_venv/lib/python3.12/site-packages/huggingface_hub/file_download.py", line 1842, in _download_to_tmp_and_move
    xet_get(
  File "/work/users/t/x/txueying/hf_venv/lib/python3.12/site-packages/huggingface_hub/file_download.py", line 553, in xet_get
    with progress_cm as progress:
  File "/work/users/t/x/txueying/hf_venv/lib/python3.12/site-packages/tqdm/std.py", line 1138, in __exit__
    def __exit__(self, exc_type, exc_value, traceback):

KeyboardInterrupt
