WARNING: Ignoring invalid distribution ~ransformers (/work/users/t/x/txueying/hf_venv/lib/python3.12/site-packages)
WARNING: Ignoring invalid distribution ~ransformers (/work/users/t/x/txueying/hf_venv/lib/python3.12/site-packages)
WARNING: Ignoring invalid distribution ~ransformers (/work/users/t/x/txueying/hf_venv/lib/python3.12/site-packages)
WARNING: Ignoring invalid distribution ~ransformers (/work/users/t/x/txueying/hf_venv/lib/python3.12/site-packages)
WARNING: Ignoring invalid distribution ~ransformers (/work/users/t/x/txueying/hf_venv/lib/python3.12/site-packages)
WARNING: Ignoring invalid distribution ~ransformers (/work/users/t/x/txueying/hf_venv/lib/python3.12/site-packages)
WARNING: Ignoring invalid distribution ~ransformers (/work/users/t/x/txueying/hf_venv/lib/python3.12/site-packages)
WARNING: Ignoring invalid distribution ~ransformers (/work/users/t/x/txueying/hf_venv/lib/python3.12/site-packages)
WARNING: Ignoring invalid distribution ~ransformers (/work/users/t/x/txueying/hf_venv/lib/python3.12/site-packages)
/work/users/t/x/txueying/hf_venv/lib/python3.12/site-packages/transformers/utils/hub.py:124: FutureWarning: Using `TRANSFORMERS_CACHE` is deprecated and will be removed in v5 of Transformers. Use `HF_HOME` instead.
  warnings.warn(
/work/users/t/x/txueying/hf_venv/lib/python3.12/site-packages/huggingface_hub/file_download.py:949: FutureWarning: `resume_download` is deprecated and will be removed in version 1.0.0. Downloads always resume when possible. If you want to force a new download, use `force_download=True`.
  warnings.warn(
Traceback (most recent call last):
  File "/nas/longleaf/home/txueying/CGM-VQA/scripts/eval/run_eval_gemma4e2b_hf.py", line 214, in <module>
    run_evaluation(model_id=args.model, batch_size=args.batch_size)
  File "/nas/longleaf/home/txueying/CGM-VQA/scripts/eval/run_eval_gemma4e2b_hf.py", line 152, in run_evaluation
    model, processor = load_model(model_id)
                       ^^^^^^^^^^^^^^^^^^^^
  File "/nas/longleaf/home/txueying/CGM-VQA/scripts/eval/run_eval_gemma4e2b_hf.py", line 74, in load_model
    processor = AutoProcessor.from_pretrained(model_id)
                ^^^^^^^^^^^^^^^^^^^^^^^^^^^^^^^^^^^^^^^
  File "/work/users/t/x/txueying/hf_venv/lib/python3.12/site-packages/transformers/models/auto/processing_auto.py", line 342, in from_pretrained
    raise ValueError(
ValueError: Unrecognized processing class in google/gemma-4-E2B-it. Can't instantiate a processor, a tokenizer, an image processor or a feature extractor for this model. Make sure the repository contains the files of at least one of those processing classes.
