WARNING: Ignoring invalid distribution ~ransformers (/work/users/t/x/txueying/hf_venv/lib/python3.12/site-packages)
WARNING: Ignoring invalid distribution ~ransformers (/work/users/t/x/txueying/hf_venv/lib/python3.12/site-packages)
WARNING: Ignoring invalid distribution ~ransformers (/work/users/t/x/txueying/hf_venv/lib/python3.12/site-packages)
WARNING: Ignoring invalid distribution ~ransformers (/work/users/t/x/txueying/hf_venv/lib/python3.12/site-packages)
WARNING: Ignoring invalid distribution ~ransformers (/work/users/t/x/txueying/hf_venv/lib/python3.12/site-packages)
WARNING: Ignoring invalid distribution ~ransformers (/work/users/t/x/txueying/hf_venv/lib/python3.12/site-packages)
WARNING: Ignoring invalid distribution ~ransformers (/work/users/t/x/txueying/hf_venv/lib/python3.12/site-packages)
WARNING: Ignoring invalid distribution ~ransformers (/work/users/t/x/txueying/hf_venv/lib/python3.12/site-packages)
WARNING: Ignoring invalid distribution ~ransformers (/work/users/t/x/txueying/hf_venv/lib/python3.12/site-packages)
/work/users/t/x/txueying/hf_venv/lib/python3.12/site-packages/transformers/utils/hub.py:124: FutureWarning: Using `TRANSFORMERS_CACHE` is deprecated and will be removed in v5 of Transformers. Use `HF_HOME` instead.
  warnings.warn(
/work/users/t/x/txueying/hf_venv/lib/python3.12/site-packages/huggingface_hub/file_download.py:949: FutureWarning: `resume_download` is deprecated and will be removed in version 1.0.0. Downloads always resume when possible. If you want to force a new download, use `force_download=True`.
  warnings.warn(
/work/users/t/x/txueying/hf_venv/lib/python3.12/site-packages/timm/models/layers/__init__.py:49: FutureWarning: Importing from timm.models.layers is deprecated, please import via timm.layers
  warnings.warn(f"Importing from {__name__} is deprecated, please import via timm.layers", FutureWarning)
Loading checkpoint shards:   0%|          | 0/4 [00:00<?, ?it/s]Loading checkpoint shards:  25%|██▌       | 1/4 [00:09<00:27,  9.11s/it]Loading checkpoint shards:  50%|█████     | 2/4 [00:17<00:17,  8.78s/it]Loading checkpoint shards:  75%|███████▌  | 3/4 [00:24<00:07,  7.72s/it]Loading checkpoint shards: 100%|██████████| 4/4 [00:24<00:00,  4.71s/it]Loading checkpoint shards: 100%|██████████| 4/4 [00:24<00:00,  6.05s/it]
/work/users/t/x/txueying/hf_venv/lib/python3.12/site-packages/huggingface_hub/file_download.py:949: FutureWarning: `resume_download` is deprecated and will be removed in version 1.0.0. Downloads always resume when possible. If you want to force a new download, use `force_download=True`.
  warnings.warn(
Some parameters are on the meta device because they were offloaded to the cpu.
Special tokens have been added in the vocabulary, make sure the associated word embeddings are fine-tuned or trained.
