Creating venv at /work/users/t/x/txueying/hf_venv ...
Job started: Tue Apr  7 01:24:18 PM EDT 2026
Node: g0310.ll.unc.edu
/work/users/t/x/txueying/hf_venv/bin/python3
Python 3.12.4
Device: cuda
Loading model: llava-hf/llava-1.5-7b-hf
Model loaded on cuda (torch.bfloat16)
[001-004/100] S001..S004 ... ERROR: CUDA out of memory. Tried to allocate 138.00 MiB. GPU 0 has a total capacity of 15.77 GiB of which 4.75 MiB is free. Including non-PyTorch memory, this process has 15.76 GiB memory in use. Of the allocated memory 14.86 GiB is allocated by PyTorch, and 541.80 MiB is reserved by PyTorch but unallocated. If reserved but unallocated memory is large try setting PYTORCH_CUDA_ALLOC_CONF=expandable_segments:True to avoid fragmentation.  See documentation for Memory Management  (https://pytorch.org/docs/stable/notes/cuda.html#environment-variables)
[001-004/100] S005..S008 ... ERROR: CUDA out of memory. Tried to allocate 138.00 MiB. GPU 0 has a total capacity of 15.77 GiB of which 4.75 MiB is free. Including non-PyTorch memory, this process has 15.76 GiB memory in use. Of the allocated memory 14.86 GiB is allocated by PyTorch, and 541.80 MiB is reserved by PyTorch but unallocated. If reserved but unallocated memory is large try setting PYTORCH_CUDA_ALLOC_CONF=expandable_segments:True to avoid fragmentation.  See documentation for Memory Management  (https://pytorch.org/docs/stable/notes/cuda.html#environment-variables)
[001-004/100] S009..S012 ... ERROR: CUDA out of memory. Tried to allocate 138.00 MiB. GPU 0 has a total capacity of 15.77 GiB of which 4.75 MiB is free. Including non-PyTorch memory, this process has 15.76 GiB memory in use. Of the allocated memory 14.86 GiB is allocated by PyTorch, and 539.35 MiB is reserved by PyTorch but unallocated. If reserved but unallocated memory is large try setting PYTORCH_CUDA_ALLOC_CONF=expandable_segments:True to avoid fragmentation.  See documentation for Memory Management  (https://pytorch.org/docs/stable/notes/cuda.html#environment-variables)
[001-004/100] S013..S016 ... ERROR: CUDA out of memory. Tried to allocate 140.00 MiB. GPU 0 has a total capacity of 15.77 GiB of which 22.75 MiB is free. Including non-PyTorch memory, this process has 15.74 GiB memory in use. Of the allocated memory 14.82 GiB is allocated by PyTorch, and 563.46 MiB is reserved by PyTorch but unallocated. If reserved but unallocated memory is large try setting PYTORCH_CUDA_ALLOC_CONF=expandable_segments:True to avoid fragmentation.  See documentation for Memory Management  (https://pytorch.org/docs/stable/notes/cuda.html#environment-variables)
[001-004/100] S017..S020 ... ERROR: CUDA out of memory. Tried to allocate 138.00 MiB. GPU 0 has a total capacity of 15.77 GiB of which 22.75 MiB is free. Including non-PyTorch memory, this process has 15.74 GiB memory in use. Of the allocated memory 14.81 GiB is allocated by PyTorch, and 575.38 MiB is reserved by PyTorch but unallocated. If reserved but unallocated memory is large try setting PYTORCH_CUDA_ALLOC_CONF=expandable_segments:True to avoid fragmentation.  See documentation for Memory Management  (https://pytorch.org/docs/stable/notes/cuda.html#environment-variables)
[001-004/100] S021..S024 ... ERROR: CUDA out of memory. Tried to allocate 138.00 MiB. GPU 0 has a total capacity of 15.77 GiB of which 22.75 MiB is free. Including non-PyTorch memory, this process has 15.74 GiB memory in use. Of the allocated memory 14.82 GiB is allocated by PyTorch, and 568.23 MiB is reserved by PyTorch but unallocated. If reserved but unallocated memory is large try setting PYTORCH_CUDA_ALLOC_CONF=expandable_segments:True to avoid fragmentation.  See documentation for Memory Management  (https://pytorch.org/docs/stable/notes/cuda.html#environment-variables)
[001-004/100] S025..S028 ... ERROR: CUDA out of memory. Tried to allocate 138.00 MiB. GPU 0 has a total capacity of 15.77 GiB of which 22.75 MiB is free. Including non-PyTorch memory, this process has 15.74 GiB memory in use. Of the allocated memory 14.81 GiB is allocated by PyTorch, and 573.00 MiB is reserved by PyTorch but unallocated. If reserved but unallocated memory is large try setting PYTORCH_CUDA_ALLOC_CONF=expandable_segments:True to avoid fragmentation.  See documentation for Memory Management  (https://pytorch.org/docs/stable/notes/cuda.html#environment-variables)
[001-004/100] S029..S032 ... done [9.1s, 2.3s/sample]
    S029 (yes_no): "No"
    S030 (yes_no): "Yes"
    S031 (temporal): "00:00-02:00"
    S032 (temporal): "10:00-10:15"
[005-008/100] S033..S036 ... done [8.19s, 2.0s/sample]
    S033 (yes_no): "Yes"
    S034 (yes_no): "No"
    S035 (temporal): "10:00-10:30"
    S036 (temporal): "00:00-06:00"
[009-012/100] S037..S040 ... ERROR: CUDA out of memory. Tried to allocate 140.00 MiB. GPU 0 has a total capacity of 15.77 GiB of which 20.75 MiB is free. Including non-PyTorch memory, this process has 15.74 GiB memory in use. Of the allocated memory 14.83 GiB is allocated by PyTorch, and 563.07 MiB is reserved by PyTorch but unallocated. If reserved but unallocated memory is large try setting PYTORCH_CUDA_ALLOC_CONF=expandable_segments:True to avoid fragmentation.  See documentation for Memory Management  (https://pytorch.org/docs/stable/notes/cuda.html#environment-variables)
[009-012/100] S041..S044 ... ERROR: CUDA out of memory. Tried to allocate 138.00 MiB. GPU 0 has a total capacity of 15.77 GiB of which 22.75 MiB is free. Including non-PyTorch memory, this process has 15.74 GiB memory in use. Of the allocated memory 14.81 GiB is allocated by PyTorch, and 573.00 MiB is reserved by PyTorch but unallocated. If reserved but unallocated memory is large try setting PYTORCH_CUDA_ALLOC_CONF=expandable_segments:True to avoid fragmentation.  See documentation for Memory Management  (https://pytorch.org/docs/stable/notes/cuda.html#environment-variables)
[009-012/100] S045..S048 ... ERROR: CUDA out of memory. Tried to allocate 140.00 MiB. GPU 0 has a total capacity of 15.77 GiB of which 22.75 MiB is free. Including non-PyTorch memory, this process has 15.74 GiB memory in use. Of the allocated memory 14.82 GiB is allocated by PyTorch, and 563.46 MiB is reserved by PyTorch but unallocated. If reserved but unallocated memory is large try setting PYTORCH_CUDA_ALLOC_CONF=expandable_segments:True to avoid fragmentation.  See documentation for Memory Management  (https://pytorch.org/docs/stable/notes/cuda.html#environment-variables)
[009-012/100] S049..S052 ... ERROR: CUDA out of memory. Tried to allocate 140.00 MiB. GPU 0 has a total capacity of 15.77 GiB of which 20.75 MiB is free. Including non-PyTorch memory, this process has 15.74 GiB memory in use. Of the allocated memory 14.83 GiB is allocated by PyTorch, and 563.07 MiB is reserved by PyTorch but unallocated. If reserved but unallocated memory is large try setting PYTORCH_CUDA_ALLOC_CONF=expandable_segments:True to avoid fragmentation.  See documentation for Memory Management  (https://pytorch.org/docs/stable/notes/cuda.html#environment-variables)
[009-012/100] S053..S056 ... ERROR: CUDA out of memory. Tried to allocate 138.00 MiB. GPU 0 has a total capacity of 15.77 GiB of which 22.75 MiB is free. Including non-PyTorch memory, this process has 15.74 GiB memory in use. Of the allocated memory 14.81 GiB is allocated by PyTorch, and 575.38 MiB is reserved by PyTorch but unallocated. If reserved but unallocated memory is large try setting PYTORCH_CUDA_ALLOC_CONF=expandable_segments:True to avoid fragmentation.  See documentation for Memory Management  (https://pytorch.org/docs/stable/notes/cuda.html#environment-variables)
[009-012/100] S057..S060 ... ERROR: CUDA out of memory. Tried to allocate 138.00 MiB. GPU 0 has a total capacity of 15.77 GiB of which 22.75 MiB is free. Including non-PyTorch memory, this process has 15.74 GiB memory in use. Of the allocated memory 14.81 GiB is allocated by PyTorch, and 575.38 MiB is reserved by PyTorch but unallocated. If reserved but unallocated memory is large try setting PYTORCH_CUDA_ALLOC_CONF=expandable_segments:True to avoid fragmentation.  See documentation for Memory Management  (https://pytorch.org/docs/stable/notes/cuda.html#environment-variables)
[009-012/100] S061..S064 ... done [9.08s, 2.3s/sample]
    S061 (yes_no): "No"
    S062 (yes_no): "No"
    S063 (temporal): "00:00-06:00"
    S064 (temporal): "10:00-10:30"
[013-016/100] S065..S068 ... done [8.18s, 2.0s/sample]
    S065 (yes_no): "Yes"
    S066 (yes_no): "No"
    S067 (temporal): "00:00-06:00"
    S068 (temporal): "00:00-06:00"
[017-020/100] S069..S072 ... ERROR: CUDA out of memory. Tried to allocate 140.00 MiB. GPU 0 has a total capacity of 15.77 GiB of which 20.75 MiB is free. Including non-PyTorch memory, this process has 15.74 GiB memory in use. Of the allocated memory 14.83 GiB is allocated by PyTorch, and 563.07 MiB is reserved by PyTorch but unallocated. If reserved but unallocated memory is large try setting PYTORCH_CUDA_ALLOC_CONF=expandable_segments:True to avoid fragmentation.  See documentation for Memory Management  (https://pytorch.org/docs/stable/notes/cuda.html#environment-variables)
[017-020/100] S073..S076 ... ERROR: CUDA out of memory. Tried to allocate 138.00 MiB. GPU 0 has a total capacity of 15.77 GiB of which 22.75 MiB is free. Including non-PyTorch memory, this process has 15.74 GiB memory in use. Of the allocated memory 14.82 GiB is allocated by PyTorch, and 570.62 MiB is reserved by PyTorch but unallocated. If reserved but unallocated memory is large try setting PYTORCH_CUDA_ALLOC_CONF=expandable_segments:True to avoid fragmentation.  See documentation for Memory Management  (https://pytorch.org/docs/stable/notes/cuda.html#environment-variables)
[017-020/100] S077..S080 ... ERROR: unsupported operand type(s) for /: 'PosixPath' and 'NoneType'
[017-020/100] S081..S084 ... ERROR: CUDA out of memory. Tried to allocate 138.00 MiB. GPU 0 has a total capacity of 15.77 GiB of which 22.75 MiB is free. Including non-PyTorch memory, this process has 15.74 GiB memory in use. Of the allocated memory 14.81 GiB is allocated by PyTorch, and 573.00 MiB is reserved by PyTorch but unallocated. If reserved but unallocated memory is large try setting PYTORCH_CUDA_ALLOC_CONF=expandable_segments:True to avoid fragmentation.  See documentation for Memory Management  (https://pytorch.org/docs/stable/notes/cuda.html#environment-variables)
[017-020/100] S085..S088 ... ERROR: CUDA out of memory. Tried to allocate 138.00 MiB. GPU 0 has a total capacity of 15.77 GiB of which 22.75 MiB is free. Including non-PyTorch memory, this process has 15.74 GiB memory in use. Of the allocated memory 14.82 GiB is allocated by PyTorch, and 568.23 MiB is reserved by PyTorch but unallocated. If reserved but unallocated memory is large try setting PYTORCH_CUDA_ALLOC_CONF=expandable_segments:True to avoid fragmentation.  See documentation for Memory Management  (https://pytorch.org/docs/stable/notes/cuda.html#environment-variables)
[017-020/100] S089..S092 ... ERROR: CUDA out of memory. Tried to allocate 138.00 MiB. GPU 0 has a total capacity of 15.77 GiB of which 22.75 MiB is free. Including non-PyTorch memory, this process has 15.74 GiB memory in use. Of the allocated memory 14.81 GiB is allocated by PyTorch, and 575.38 MiB is reserved by PyTorch but unallocated. If reserved but unallocated memory is large try setting PYTORCH_CUDA_ALLOC_CONF=expandable_segments:True to avoid fragmentation.  See documentation for Memory Management  (https://pytorch.org/docs/stable/notes/cuda.html#environment-variables)
[017-020/100] S093..S096 ... ERROR: CUDA out of memory. Tried to allocate 138.00 MiB. GPU 0 has a total capacity of 15.77 GiB of which 22.75 MiB is free. Including non-PyTorch memory, this process has 15.74 GiB memory in use. Of the allocated memory 14.82 GiB is allocated by PyTorch, and 570.62 MiB is reserved by PyTorch but unallocated. If reserved but unallocated memory is large try setting PYTORCH_CUDA_ALLOC_CONF=expandable_segments:True to avoid fragmentation.  See documentation for Memory Management  (https://pytorch.org/docs/stable/notes/cuda.html#environment-variables)
[017-020/100] S097..S100 ... ERROR: CUDA out of memory. Tried to allocate 138.00 MiB. GPU 0 has a total capacity of 15.77 GiB of which 22.75 MiB is free. Including non-PyTorch memory, this process has 15.74 GiB memory in use. Of the allocated memory 14.82 GiB is allocated by PyTorch, and 565.84 MiB is reserved by PyTorch but unallocated. If reserved but unallocated memory is large try setting PYTORCH_CUDA_ALLOC_CONF=expandable_segments:True to avoid fragmentation.  See documentation for Memory Management  (https://pytorch.org/docs/stable/notes/cuda.html#environment-variables)

============================================================
Done. 16 evaluated, 84 errors.
Results: /nas/longleaf/home/txueying/CGM-VQA/results/llava7b_hf_results.json
yes_no=8  temporal=8  avg latency=2.16s/sample
Job finished: Tue Apr  7 01:27:16 PM EDT 2026
