WARNING: Ignoring invalid distribution ~orch (/work/users/t/x/txueying/hf_venv_latest/lib/python3.12/site-packages)
WARNING: Ignoring invalid distribution ~orch (/work/users/t/x/txueying/hf_venv_latest/lib/python3.12/site-packages)
WARNING: Ignoring invalid distribution ~orch (/work/users/t/x/txueying/hf_venv_latest/lib/python3.12/site-packages)
WARNING: Ignoring invalid distribution ~orch (/work/users/t/x/txueying/hf_venv_latest/lib/python3.12/site-packages)
WARNING: Ignoring invalid distribution ~orch (/work/users/t/x/txueying/hf_venv_latest/lib/python3.12/site-packages)
WARNING: Ignoring invalid distribution ~orch (/work/users/t/x/txueying/hf_venv_latest/lib/python3.12/site-packages)
WARNING: Ignoring invalid distribution ~orch (/work/users/t/x/txueying/hf_venv_latest/lib/python3.12/site-packages)
WARNING: Ignoring invalid distribution ~orch (/work/users/t/x/txueying/hf_venv_latest/lib/python3.12/site-packages)
WARNING: Ignoring invalid distribution ~orch (/work/users/t/x/txueying/hf_venv_latest/lib/python3.12/site-packages)
Traceback (most recent call last):
  File "/nas/longleaf/home/txueying/CGM-VQA/scripts/eval/run_eval_llava_gemma_7b_hf.py", line 25, in <module>
    from transformers import AutoProcessor, LlavaForConditionalGeneration
  File "/work/users/t/x/txueying/hf_venv_latest/lib/python3.12/site-packages/transformers/__init__.py", line 30, in <module>
    from . import dependency_versions_check
  File "/work/users/t/x/txueying/hf_venv_latest/lib/python3.12/site-packages/transformers/dependency_versions_check.py", line 16, in <module>
    from .utils.versions import require_version, require_version_core
  File "/work/users/t/x/txueying/hf_venv_latest/lib/python3.12/site-packages/transformers/utils/__init__.py", line 76, in <module>
    from .hub import (
  File "/work/users/t/x/txueying/hf_venv_latest/lib/python3.12/site-packages/transformers/utils/hub.py", line 29, in <module>
    from huggingface_hub import (
ImportError: cannot import name 'is_offline_mode' from 'huggingface_hub' (/work/users/t/x/txueying/hf_venv_latest/lib/python3.12/site-packages/huggingface_hub/__init__.py)
