You are using a model of type `llava_gemma` to instantiate a model of type ``. This may be expected if you are loading a checkpoint that shares a subset of the architecture (e.g., loading a `sam2_video` checkpoint into `Sam2Model`), but is otherwise not supported and can yield errors. Please verify that the checkpoint is compatible with the model you are instantiating.
Could not extract SentencePiece model from /work/users/t/x/txueying/hf_cache/hub/models--Intel--llava-gemma-7b/snapshots/5d5baaf95551c35512c3844e66b166324511b468/tokenizer.model using sentencepiece library due to 
SentencePieceExtractor requires the SentencePiece library but it was not found in your environment. Check out the instructions on the
installation page of its repo: https://github.com/google/sentencepiece#installation and follow the ones
that match your environment. Please note that you may need to restart your runtime after installation.
. Falling back to TikToken extractor.
Traceback (most recent call last):
  File "/work/users/t/x/txueying/hf_venv_latest/lib/python3.12/site-packages/transformers/tokenization_utils_tokenizers.py", line 217, in convert_to_native_format
    extractor = SentencePieceExtractor(vocab_file)
                ^^^^^^^^^^^^^^^^^^^^^^^^^^^^^^^^^^
  File "/work/users/t/x/txueying/hf_venv_latest/lib/python3.12/site-packages/transformers/convert_slow_tokenizer.py", line 152, in __init__
    requires_backends(self, "sentencepiece")
  File "/work/users/t/x/txueying/hf_venv_latest/lib/python3.12/site-packages/transformers/utils/import_utils.py", line 2021, in requires_backends
    raise ImportError("".join(failed))
ImportError: 
SentencePieceExtractor requires the SentencePiece library but it was not found in your environment. Check out the instructions on the
installation page of its repo: https://github.com/google/sentencepiece#installation and follow the ones
that match your environment. Please note that you may need to restart your runtime after installation.


During handling of the above exception, another exception occurred:

Traceback (most recent call last):
  File "/work/users/t/x/txueying/hf_venv_latest/lib/python3.12/site-packages/transformers/convert_slow_tokenizer.py", line 1920, in extract_vocab_merges_from_model
    from tiktoken.load import load_tiktoken_bpe
ModuleNotFoundError: No module named 'tiktoken'

During handling of the above exception, another exception occurred:

Traceback (most recent call last):
  File "/nas/longleaf/home/txueying/CGM-VQA/scripts/eval/run_eval_llava_gemma_7b_hf.py", line 187, in <module>
    run_evaluation(model_id=args.model, batch_size=args.batch_size)
  File "/nas/longleaf/home/txueying/CGM-VQA/scripts/eval/run_eval_llava_gemma_7b_hf.py", line 127, in run_evaluation
    model, processor = load_model(model_id)
                       ^^^^^^^^^^^^^^^^^^^^
  File "/nas/longleaf/home/txueying/CGM-VQA/scripts/eval/run_eval_llava_gemma_7b_hf.py", line 59, in load_model
    processor = AutoProcessor.from_pretrained(model_id)
                ^^^^^^^^^^^^^^^^^^^^^^^^^^^^^^^^^^^^^^^
  File "/work/users/t/x/txueying/hf_venv_latest/lib/python3.12/site-packages/transformers/models/auto/processing_auto.py", line 429, in from_pretrained
    return processor_class.from_pretrained(
           ^^^^^^^^^^^^^^^^^^^^^^^^^^^^^^^^
  File "/work/users/t/x/txueying/hf_venv_latest/lib/python3.12/site-packages/transformers/processing_utils.py", line 1421, in from_pretrained
    args = cls._get_arguments_from_pretrained(pretrained_model_name_or_path, processor_dict, **kwargs)
           ^^^^^^^^^^^^^^^^^^^^^^^^^^^^^^^^^^^^^^^^^^^^^^^^^^^^^^^^^^^^^^^^^^^^^^^^^^^^^^^^^^^^^^^^^^^
  File "/work/users/t/x/txueying/hf_venv_latest/lib/python3.12/site-packages/transformers/processing_utils.py", line 1535, in _get_arguments_from_pretrained
    tokenizer = cls._load_tokenizer_from_pretrained(
                ^^^^^^^^^^^^^^^^^^^^^^^^^^^^^^^^^^^^
  File "/work/users/t/x/txueying/hf_venv_latest/lib/python3.12/site-packages/transformers/processing_utils.py", line 1482, in _load_tokenizer_from_pretrained
    tokenizer = auto_processor_class.from_pretrained(
                ^^^^^^^^^^^^^^^^^^^^^^^^^^^^^^^^^^^^^
  File "/work/users/t/x/txueying/hf_venv_latest/lib/python3.12/site-packages/transformers/models/auto/tokenization_auto.py", line 792, in from_pretrained
    return tokenizer_class.from_pretrained(pretrained_model_name_or_path, *inputs, **kwargs)
           ^^^^^^^^^^^^^^^^^^^^^^^^^^^^^^^^^^^^^^^^^^^^^^^^^^^^^^^^^^^^^^^^^^^^^^^^^^^^^^^^^
  File "/work/users/t/x/txueying/hf_venv_latest/lib/python3.12/site-packages/transformers/tokenization_utils_base.py", line 1729, in from_pretrained
    return cls._from_pretrained(
           ^^^^^^^^^^^^^^^^^^^^^
  File "/work/users/t/x/txueying/hf_venv_latest/lib/python3.12/site-packages/transformers/tokenization_utils_base.py", line 1915, in _from_pretrained
    init_kwargs = cls.convert_to_native_format(**init_kwargs)
                  ^^^^^^^^^^^^^^^^^^^^^^^^^^^^^^^^^^^^^^^^^^^
  File "/work/users/t/x/txueying/hf_venv_latest/lib/python3.12/site-packages/transformers/tokenization_utils_tokenizers.py", line 283, in convert_to_native_format
    local_kwargs["tokenizer_object"] = converter.converted()
                                       ^^^^^^^^^^^^^^^^^^^^^
  File "/work/users/t/x/txueying/hf_venv_latest/lib/python3.12/site-packages/transformers/convert_slow_tokenizer.py", line 1957, in converted
    tokenizer = self.tokenizer()
                ^^^^^^^^^^^^^^^^
  File "/work/users/t/x/txueying/hf_venv_latest/lib/python3.12/site-packages/transformers/convert_slow_tokenizer.py", line 1950, in tokenizer
    vocab_scores, merges = self.extract_vocab_merges_from_model(self.vocab_file)
                           ^^^^^^^^^^^^^^^^^^^^^^^^^^^^^^^^^^^^^^^^^^^^^^^^^^^^^
  File "/work/users/t/x/txueying/hf_venv_latest/lib/python3.12/site-packages/transformers/convert_slow_tokenizer.py", line 1922, in extract_vocab_merges_from_model
    raise ValueError(
ValueError: `tiktoken` is required to read a `tiktoken` file. Install it with `pip install tiktoken`.
