You are using a model of type `llava_gemma` to instantiate a model of type ``. This may be expected if you are loading a checkpoint that shares a subset of the architecture (e.g., loading a `sam2_video` checkpoint into `Sam2Model`), but is otherwise not supported and can yield errors. Please verify that the checkpoint is compatible with the model you are instantiating.
Invalid model-index. Not loading eval results into CardData.
You are using a model of type `llava_gemma` to instantiate a model of type `llava`. This may be expected if you are loading a checkpoint that shares a subset of the architecture (e.g., loading a `sam2_video` checkpoint into `Sam2Model`), but is otherwise not supported and can yield errors. Please verify that the checkpoint is compatible with the model you are instantiating.
Invalid model-index. Not loading eval results into CardData.
Fetching 4 files:   0%|          | 0/4 [00:00<?, ?it/s]Fetching 4 files:  25%|██▌       | 1/4 [00:25<01:17, 25.70s/it]Fetching 4 files: 100%|██████████| 4/4 [00:25<00:00,  6.43s/it]
Loading weights:   0%|          | 0/1 [00:00<?, ?it/s]Loading weights: 100%|██████████| 1/1 [00:02<00:00,  2.86s/it]Loading weights: 100%|██████████| 1/1 [00:02<00:00,  2.87s/it]
[1mLlavaForConditionalGeneration LOAD REPORT[0m from: Intel/llava-gemma-7b
Key                                                                                            | Status     |                                                                                                  
-----------------------------------------------------------------------------------------------+------------+--------------------------------------------------------------------------------------------------
model.layers.{0...27}.mlp.gate_proj.weight                                                     | UNEXPECTED |                                                                                                  
model.vision_tower.vision_tower.vision_model.encoder.layers.{0...23}.mlp.fc2.weight            | UNEXPECTED |                                                                                                  
model.layers.{0...27}.self_attn.q_proj.weight                                                  | UNEXPECTED |                                                                                                  
model.vision_tower.vision_tower.vision_model.encoder.layers.{0...23}.self_attn.out_proj.weight | UNEXPECTED |                                                                                                  
model.layers.{0...27}.self_attn.o_proj.weight                                                  | UNEXPECTED |                                                                                                  
model.vision_tower.vision_tower.vision_model.encoder.layers.{0...23}.mlp.fc1.bias              | UNEXPECTED |                                                                                                  
model.vision_tower.vision_tower.vision_model.encoder.layers.{0...23}.self_attn.out_proj.bias   | UNEXPECTED |                                                                                                  
model.layers.{0...27}.mlp.up_proj.weight                                                       | UNEXPECTED |                                                                                                  
model.layers.{0...27}.self_attn.v_proj.weight                                                  | UNEXPECTED |                                                                                                  
model.vision_tower.vision_tower.vision_model.encoder.layers.{0...23}.self_attn.v_proj.weight   | UNEXPECTED |                                                                                                  
model.vision_tower.vision_tower.vision_model.encoder.layers.{0...23}.layer_norm1.weight        | UNEXPECTED |                                                                                                  
model.layers.{0...27}.self_attn.k_proj.weight                                                  | UNEXPECTED |                                                                                                  
model.vision_tower.vision_tower.vision_model.encoder.layers.{0...23}.layer_norm1.bias          | UNEXPECTED |                                                                                                  
model.vision_tower.vision_tower.vision_model.encoder.layers.{0...23}.self_attn.k_proj.weight   | UNEXPECTED |                                                                                                  
model.vision_tower.vision_tower.vision_model.encoder.layers.{0...23}.layer_norm2.bias          | UNEXPECTED |                                                                                                  
model.vision_tower.vision_tower.vision_model.encoder.layers.{0...23}.self_attn.v_proj.bias     | UNEXPECTED |                                                                                                  
model.vision_tower.vision_tower.vision_model.encoder.layers.{0...23}.layer_norm2.weight        | UNEXPECTED |                                                                                                  
model.layers.{0...27}.post_attention_layernorm.weight                                          | UNEXPECTED |                                                                                                  
model.vision_tower.vision_tower.vision_model.encoder.layers.{0...23}.self_attn.q_proj.weight   | UNEXPECTED |                                                                                                  
model.vision_tower.vision_tower.vision_model.encoder.layers.{0...23}.self_attn.q_proj.bias     | UNEXPECTED |                                                                                                  
model.vision_tower.vision_tower.vision_model.encoder.layers.{0...23}.self_attn.k_proj.bias     | UNEXPECTED |                                                                                                  
model.vision_tower.vision_tower.vision_model.encoder.layers.{0...23}.mlp.fc2.bias              | UNEXPECTED |                                                                                                  
model.vision_tower.vision_tower.vision_model.post_layernorm.weight                             | UNEXPECTED |                                                                                                  
model.vision_tower.vision_tower.vision_model.encoder.layers.{0...23}.mlp.fc1.weight            | UNEXPECTED |                                                                                                  
model.layers.{0...27}.input_layernorm.weight                                                   | UNEXPECTED |                                                                                                  
model.layers.{0...27}.mlp.down_proj.weight                                                     | UNEXPECTED |                                                                                                  
model.norm.weight                                                                              | UNEXPECTED |                                                                                                  
model.vision_tower.vision_tower.vision_model.embeddings.class_embedding                        | UNEXPECTED |                                                                                                  
model.mm_projector.{0, 2}.bias                                                                 | UNEXPECTED |                                                                                                  
model.vision_tower.vision_tower.vision_model.pre_layrnorm.bias                                 | UNEXPECTED |                                                                                                  
model.vision_tower.vision_tower.vision_model.post_layernorm.bias                               | UNEXPECTED |                                                                                                  
model.vision_tower.vision_tower.vision_model.embeddings.position_embedding.weight              | UNEXPECTED |                                                                                                  
model.embed_tokens.weight                                                                      | UNEXPECTED |                                                                                                  
model.mm_projector.{0, 2}.weight                                                               | UNEXPECTED |                                                                                                  
model.vision_tower.vision_tower.vision_model.embeddings.patch_embedding.weight                 | UNEXPECTED |                                                                                                  
model.vision_tower.vision_tower.vision_model.pre_layrnorm.weight                               | UNEXPECTED |                                                                                                  
model.vision_tower.vision_model.encoder.layers.{0...23}.self_attn.out_proj.weight              | MISSING    |                                                                                                  
model.language_model.layers.{0...31}.self_attn.o_proj.weight                                   | MISSING    |                                                                                                  
model.language_model.layers.{0...31}.input_layernorm.weight                                    | MISSING    |                                                                                                  
model.language_model.layers.{0...31}.mlp.up_proj.weight                                        | MISSING    |                                                                                                  
model.language_model.layers.{0...31}.mlp.gate_proj.weight                                      | MISSING    |                                                                                                  
model.vision_tower.vision_model.encoder.layers.{0...23}.layer_norm2.bias                       | MISSING    |                                                                                                  
model.language_model.layers.{0...31}.self_attn.q_proj.weight                                   | MISSING    |                                                                                                  
model.language_model.layers.{0...31}.post_attention_layernorm.weight                           | MISSING    |                                                                                                  
model.vision_tower.vision_model.encoder.layers.{0...23}.self_attn.k_proj.bias                  | MISSING    |                                                                                                  
model.vision_tower.vision_model.encoder.layers.{0...23}.layer_norm1.bias                       | MISSING    |                                                                                                  
model.vision_tower.vision_model.encoder.layers.{0...23}.self_attn.k_proj.weight                | MISSING    |                                                                                                  
model.language_model.layers.{0...31}.self_attn.k_proj.weight                                   | MISSING    |                                                                                                  
model.vision_tower.vision_model.encoder.layers.{0...23}.mlp.fc2.bias                           | MISSING    |                                                                                                  
model.vision_tower.vision_model.encoder.layers.{0...23}.mlp.fc2.weight                         | MISSING    |                                                                                                  
model.vision_tower.vision_model.encoder.layers.{0...23}.self_attn.q_proj.weight                | MISSING    |                                                                                                  
model.language_model.layers.{0...31}.mlp.down_proj.weight                                      | MISSING    |                                                                                                  
model.vision_tower.vision_model.encoder.layers.{0...23}.layer_norm1.weight                     | MISSING    |                                                                                                  
model.language_model.layers.{0...31}.self_attn.v_proj.weight                                   | MISSING    |                                                                                                  
model.vision_tower.vision_model.encoder.layers.{0...23}.layer_norm2.weight                     | MISSING    |                                                                                                  
model.vision_tower.vision_model.encoder.layers.{0...23}.mlp.fc1.weight                         | MISSING    |                                                                                                  
model.vision_tower.vision_model.encoder.layers.{0...23}.self_attn.v_proj.weight                | MISSING    |                                                                                                  
model.vision_tower.vision_model.encoder.layers.{0...23}.self_attn.v_proj.bias                  | MISSING    |                                                                                                  
model.vision_tower.vision_model.encoder.layers.{0...23}.self_attn.q_proj.bias                  | MISSING    |                                                                                                  
model.vision_tower.vision_model.encoder.layers.{0...23}.self_attn.out_proj.bias                | MISSING    |                                                                                                  
model.vision_tower.vision_model.encoder.layers.{0...23}.mlp.fc1.bias                           | MISSING    |                                                                                                  
model.multi_modal_projector.linear_1.weight                                                    | MISSING    |                                                                                                  
model.vision_tower.vision_model.embeddings.patch_embedding.weight                              | MISSING    |                                                                                                  
model.vision_tower.vision_model.post_layernorm.weight                                          | MISSING    |                                                                                                  
model.language_model.embed_tokens.weight                                                       | MISSING    |                                                                                                  
model.vision_tower.vision_model.pre_layrnorm.weight                                            | MISSING    |                                                                                                  
model.multi_modal_projector.linear_1.bias                                                      | MISSING    |                                                                                                  
model.vision_tower.vision_model.embeddings.class_embedding                                     | MISSING    |                                                                                                  
model.multi_modal_projector.linear_2.bias                                                      | MISSING    |                                                                                                  
model.multi_modal_projector.linear_2.weight                                                    | MISSING    |                                                                                                  
model.language_model.norm.weight                                                               | MISSING    |                                                                                                  
model.vision_tower.vision_model.embeddings.position_embedding.weight                           | MISSING    |                                                                                                  
model.vision_tower.vision_model.pre_layrnorm.bias                                              | MISSING    |                                                                                                  
model.vision_tower.vision_model.post_layernorm.bias                                            | MISSING    |                                                                                                  
lm_head.weight                                                                                 | MISMATCH   | Reinit due to size mismatch - ckpt: torch.Size([256000, 3072]) vs model:torch.Size([32000, 4096])

Notes:
- UNEXPECTED:	can be ignored when loading from different task/architecture; not ok if you expect identical arch.
- MISSING:	those params were newly initialized because missing from the checkpoint. Consider training on your downstream task.
- MISMATCH:	ckpt weights were loaded, but they did not match the original empty weight shapes.
Traceback (most recent call last):
  File "/nas/longleaf/home/txueying/CGM-VQA/scripts/eval/run_eval_llava_gemma_7b_hf.py", line 187, in <module>
    run_evaluation(model_id=args.model, batch_size=args.batch_size)
  File "/nas/longleaf/home/txueying/CGM-VQA/scripts/eval/run_eval_llava_gemma_7b_hf.py", line 127, in run_evaluation
    model, processor = load_model(model_id)
                       ^^^^^^^^^^^^^^^^^^^^
  File "/nas/longleaf/home/txueying/CGM-VQA/scripts/eval/run_eval_llava_gemma_7b_hf.py", line 60, in load_model
    model = LlavaForConditionalGeneration.from_pretrained(
            ^^^^^^^^^^^^^^^^^^^^^^^^^^^^^^^^^^^^^^^^^^^^^^
  File "/work/users/t/x/txueying/hf_venv_latest/lib/python3.12/site-packages/transformers/modeling_utils.py", line 4136, in from_pretrained
    loading_info = cls._finalize_model_loading(model, load_config, loading_info)
                   ^^^^^^^^^^^^^^^^^^^^^^^^^^^^^^^^^^^^^^^^^^^^^^^^^^^^^^^^^^^^^
  File "/work/users/t/x/txueying/hf_venv_latest/lib/python3.12/site-packages/transformers/modeling_utils.py", line 4298, in _finalize_model_loading
    log_state_dict_report(
  File "/work/users/t/x/txueying/hf_venv_latest/lib/python3.12/site-packages/transformers/utils/loading_report.py", line 278, in log_state_dict_report
    raise RuntimeError(
RuntimeError: You set `ignore_mismatched_sizes` to `False`, thus raising an error. For details look at the above report!
