Job started: Sun Apr 19 11:19:56 AM EDT 2026
Node: g0303.ll.unc.edu
/work/users/t/x/txueying/hf_venv/bin/python3
Python 3.12.4
Device: cuda
Loading model: google/matcha-chartqa
Model loaded (torch.float32), device: cuda:0
[001-004/100] S001..S004 ... done [10.35s, 2.6s/sample]
    S001 (yes_no): "Yes"
    S002 (yes_no): "Yes"
    S003 (temporal): "23.2"
    S004 (temporal): "16"
[005-008/100] S005..S008 ... done [5.82s, 1.5s/sample]
    S005 (yes_no): "232.1"
    S006 (yes_no): "161.2"
    S007 (temporal): "0.61"
    S008 (temporal): "2003"
[009-012/100] S009..S012 ... done [5.74s, 1.4s/sample]
    S009 (yes_no): "Yes"
    S010 (yes_no): "No"
    S011 (temporal): "0.51"
    S012 (temporal): "2016"
[013-016/100] S013..S016 ... done [5.82s, 1.5s/sample]
    S013 (yes_no): "0.57"
    S014 (yes_no): "Yes"
    S015 (temporal): "Insulin Delivered"
    S016 (temporal): "56"
[017-020/100] S017..S020 ... done [5.68s, 1.4s/sample]
    S017 (yes_no): "Yes"
    S018 (yes_no): "Yes"
    S019 (temporal): "250"
    S020 (temporal): "2003"
[021-024/100] S021..S024 ... done [5.94s, 1.5s/sample]
    S021 (yes_no): "Yes"
    S022 (yes_no): "68"
    S023 (temporal): "256"
    S024 (temporal): "23.12-17"
[025-028/100] S025..S028 ... done [5.82s, 1.5s/sample]
    S025 (yes_no): "1.69"
    S026 (yes_no): "Yes"
    S027 (temporal): "3"
    S028 (temporal): "2016"
[029-032/100] S029..S032 ... done [5.76s, 1.4s/sample]
    S029 (yes_no): "1"
    S030 (yes_no): "Yes"
    S031 (temporal): "2005"
    S032 (temporal): "2009"
[033-036/100] S033..S036 ... done [5.72s, 1.4s/sample]
    S033 (yes_no): "0.55"
    S034 (yes_no): "0.55"
    S035 (temporal): "2005"
    S036 (temporal): "76.6"
[037-040/100] S037..S040 ... done [7.57s, 1.9s/sample]
    S037 (yes_no): "0.1"
    S038 (yes_no): "1.0"
    S039 (temporal): "59"
    S040 (temporal): "2003"
[041-044/100] S041..S044 ... done [7.62s, 1.9s/sample]
    S041 (yes_no): "Yes"
    S042 (yes_no): "1"
    S043 (temporal): "250"
    S044 (temporal): "250"
[045-048/100] S045..S048 ... done [7.53s, 1.9s/sample]
    S045 (yes_no): "0.8"
    S046 (yes_no): "Yes"
    S047 (temporal): "0.8"
    S048 (temporal): "210"
[049-052/100] S049..S052 ... done [7.45s, 1.9s/sample]
    S049 (yes_no): "200"
    S050 (yes_no): "17.99"
    S051 (temporal): "2003"
    S052 (temporal): "2003"
[053-056/100] S053..S056 ... done [6.42s, 1.6s/sample]
    S053 (yes_no): "Yes"
    S054 (yes_no): "0.78"
    S055 (temporal): "45.0"
    S056 (temporal): "200"
[057-060/100] S057..S060 ... done [5.69s, 1.4s/sample]
    S057 (yes_no): "Yes"
    S058 (yes_no): "Yes"
    S059 (temporal): "200"
    S060 (temporal): "0.237"
[061-064/100] S061..S064 ... done [5.73s, 1.4s/sample]
    S061 (yes_no): "Yes"
    S062 (yes_no): "175"
    S063 (temporal): "4"
    S064 (temporal): "150"
[065-068/100] S065..S068 ... done [5.72s, 1.4s/sample]
    S065 (yes_no): "Yes"
    S066 (yes_no): "50.1"
    S067 (temporal): "2024-02"
    S068 (temporal): "17.2"
[069-072/100] S069..S072 ... done [5.6s, 1.4s/sample]
    S069 (yes_no): "6.0"
    S070 (yes_no): "160"
    S071 (temporal): "199"
    S072 (temporal): "2003"
[073-076/100] S073..S076 ... done [5.84s, 1.5s/sample]
    S073 (yes_no): "Yes"
    S074 (yes_no): "20.3"
    S075 (temporal): "2005"
    S076 (temporal): "202.05"
[077-080/100] S077..S080 ... done [5.69s, 1.4s/sample]
    S077 (yes_no): "161.6"
    S078 (yes_no): "20.9"
    S079 (temporal): "20.9"
    S080 (temporal): "179.75"
[081-084/100] S081..S084 ... done [5.75s, 1.4s/sample]
    S081 (yes_no): "167"
    S082 (yes_no): "50.2"
    S083 (temporal): "202.03-05"
    S084 (temporal): "179.5"
[085-088/100] S085..S088 ... done [6.39s, 1.6s/sample]
    S085 (yes_no): "Yes"
    S086 (yes_no): "199"
    S087 (temporal): "200"
    S088 (temporal): "Insulin Delivered"
[089-092/100] S089..S092 ... done [7.6s, 1.9s/sample]
    S089 (yes_no): "Yes"
    S090 (yes_no): "Yes"
    S091 (temporal): "2.45"
    S092 (temporal): "2.53"
[093-096/100] S093..S096 ... done [7.71s, 1.9s/sample]
    S093 (yes_no): "52.1"
    S094 (yes_no): "Yes"
    S095 (temporal): "Insulin Delivered"
    S096 (temporal): "202.03"
[097-100/100] S097..S100 ... done [7.7s, 1.9s/sample]
    S097 (yes_no): "Yes"
    S098 (yes_no): "1.9"
    S099 (temporal): "2024-03-09"
    S100 (temporal): "3.3"

============================================================
Done. 100 evaluated, 0 errors.
Results: /nas/longleaf/home/txueying/CGM-VQA/results/matcha_hf_results.json
yes_no=50  temporal=50  avg latency=1.63s/sample
Job finished: Sun Apr 19 11:22:54 AM EDT 2026
