Warning: You are sending unauthenticated requests to the HF Hub. Please set a HF_TOKEN to enable higher rate limits and faster downloads.
HTTP Error 429 thrown while requesting GET https://huggingface.co/api/models/google/matcha-chartqa/xet-read-token/38169a34e77f9adc7f37b5e205ba4f6006d21eca
Rate limited. Waiting 283.0s before retry [Retry 1/5].
Exception in thread Thread-auto_conversion:
Traceback (most recent call last):
  File "/work/users/t/x/txueying/hf_venv/lib/python3.12/site-packages/huggingface_hub/utils/_http.py", line 761, in hf_raise_for_status
    response.raise_for_status()
  File "/work/users/t/x/txueying/hf_venv/lib/python3.12/site-packages/httpx/_models.py", line 829, in raise_for_status
    raise HTTPStatusError(message, request=request, response=self)
httpx.HTTPStatusError: Client error '429 Too Many Requests' for url 'https://huggingface.co/api/models/google/matcha-chartqa/commits/main'
For more information check: https://developer.mozilla.org/en-US/docs/Web/HTTP/Status/429

The above exception was the direct cause of the following exception:

Traceback (most recent call last):
  File "/nas/longleaf/rhel9/apps/python/3.12.4/lib/python3.12/threading.py", line 1073, in _bootstrap_inner
    self.run()
  File "/nas/longleaf/rhel9/apps/python/3.12.4/lib/python3.12/threading.py", line 1010, in run
    self._target(*self._args, **self._kwargs)
  File "/work/users/t/x/txueying/hf_venv/lib/python3.12/site-packages/transformers/safetensors_conversion.py", line 117, in auto_conversion
    raise e
  File "/work/users/t/x/txueying/hf_venv/lib/python3.12/site-packages/transformers/safetensors_conversion.py", line 96, in auto_conversion
    sha = get_conversion_pr_reference(api, pretrained_model_name_or_path, **cached_file_kwargs)
          ^^^^^^^^^^^^^^^^^^^^^^^^^^^^^^^^^^^^^^^^^^^^^^^^^^^^^^^^^^^^^^^^^^^^^^^^^^^^^^^^^^^^^
  File "/work/users/t/x/txueying/hf_venv/lib/python3.12/site-packages/transformers/safetensors_conversion.py", line 69, in get_conversion_pr_reference
    pr = previous_pr(api, model_id, pr_title, token=token)
         ^^^^^^^^^^^^^^^^^^^^^^^^^^^^^^^^^^^^^^^^^^^^^^^^^
  File "/work/users/t/x/txueying/hf_venv/lib/python3.12/site-packages/transformers/safetensors_conversion.py", line 13, in previous_pr
    main_commit = api.list_repo_commits(model_id, token=token)[0].commit_id
                  ^^^^^^^^^^^^^^^^^^^^^^^^^^^^^^^^^^^^^^^^^^^^
  File "/work/users/t/x/txueying/hf_venv/lib/python3.12/site-packages/huggingface_hub/utils/_validators.py", line 88, in _inner_fn
    return fn(*args, **kwargs)
           ^^^^^^^^^^^^^^^^^^^
  File "/work/users/t/x/txueying/hf_venv/lib/python3.12/site-packages/huggingface_hub/hf_api.py", line 3822, in list_repo_commits
    return [
           ^
  File "/work/users/t/x/txueying/hf_venv/lib/python3.12/site-packages/huggingface_hub/utils/_pagination.py", line 36, in paginate
    hf_raise_for_status(r)
  File "/work/users/t/x/txueying/hf_venv/lib/python3.12/site-packages/huggingface_hub/utils/_http.py", line 880, in hf_raise_for_status
    raise _format(HfHubHTTPError, message, response) from e
huggingface_hub.errors.HfHubHTTPError: (Request ID: Root=1-69dae9c7-25ff7daa510ff3d04dca0906;9df35537-0c7a-4797-8abe-a9cab84d2567)

429 Too Many Requests: you have reached your 'api' rate limit.
Retry after 289 seconds (0/500 requests remaining in current 300s window).
Url: https://huggingface.co/api/models/google/matcha-chartqa/commits/main.
We had to rate limit your IP (152.2.94.13). To continue using our service, create a HF account or login to your existing account, and make sure you pass a HF_TOKEN if you're using the API.
Traceback (most recent call last):
  File "/nas/longleaf/home/txueying/CGM-VQA/run_eval_matcha_hf.py", line 194, in <module>
    run_evaluation(model_id=args.model, batch_size=args.batch_size)
  File "/nas/longleaf/home/txueying/CGM-VQA/run_eval_matcha_hf.py", line 132, in run_evaluation
    model, processor = load_model(model_id)
                       ^^^^^^^^^^^^^^^^^^^^
  File "/nas/longleaf/home/txueying/CGM-VQA/run_eval_matcha_hf.py", line 65, in load_model
    model = Pix2StructForConditionalGeneration.from_pretrained(
            ^^^^^^^^^^^^^^^^^^^^^^^^^^^^^^^^^^^^^^^^^^^^^^^^^^^
  File "/work/users/t/x/txueying/hf_venv/lib/python3.12/site-packages/transformers/modeling_utils.py", line 4132, in from_pretrained
    loading_info, disk_offload_index = cls._load_pretrained_model(model, state_dict, checkpoint_files, load_config)
                                       ^^^^^^^^^^^^^^^^^^^^^^^^^^^^^^^^^^^^^^^^^^^^^^^^^^^^^^^^^^^^^^^^^^^^^^^^^^^^
  File "/work/users/t/x/txueying/hf_venv/lib/python3.12/site-packages/transformers/modeling_utils.py", line 4248, in _load_pretrained_model
    merged_state_dict.update(load_state_dict(ckpt_file))
                             ^^^^^^^^^^^^^^^^^^^^^^^^^^
  File "/work/users/t/x/txueying/hf_venv/lib/python3.12/site-packages/transformers/modeling_utils.py", line 316, in load_state_dict
    check_torch_load_is_safe()
  File "/work/users/t/x/txueying/hf_venv/lib/python3.12/site-packages/transformers/utils/import_utils.py", line 1357, in check_torch_load_is_safe
    raise ValueError(
ValueError: Due to a serious vulnerability issue in `torch.load`, even with `weights_only=True`, we now require users to upgrade torch to at least v2.6 in order to use the function. This version restriction does not apply when loading files with safetensors.
See the vulnerability report here https://nvd.nist.gov/vuln/detail/CVE-2025-32434
