Warning: You are sending unauthenticated requests to the HF Hub. Please set a HF_TOKEN to enable higher rate limits and faster downloads.
Exception in thread Thread-auto_conversion:
Traceback (most recent call last):
  File "/work/users/t/x/txueying/hf_venv/lib/python3.12/site-packages/huggingface_hub/utils/_http.py", line 761, in hf_raise_for_status
    response.raise_for_status()
  File "/work/users/t/x/txueying/hf_venv/lib/python3.12/site-packages/httpx/_models.py", line 829, in raise_for_status
    raise HTTPStatusError(message, request=request, response=self)
httpx.HTTPStatusError: Client error '429 Too Many Requests' for url 'https://huggingface.co/api/models/google/matcha-chartqa'
For more information check: https://developer.mozilla.org/en-US/docs/Web/HTTP/Status/429

The above exception was the direct cause of the following exception:

Traceback (most recent call last):
  File "/nas/longleaf/rhel9/apps/python/3.12.4/lib/python3.12/threading.py", line 1073, in _bootstrap_inner
    self.run()
  File "/nas/longleaf/rhel9/apps/python/3.12.4/lib/python3.12/threading.py", line 1010, in run
    self._target(*self._args, **self._kwargs)
  File "/work/users/t/x/txueying/hf_venv/lib/python3.12/site-packages/transformers/safetensors_conversion.py", line 117, in auto_conversion
    raise e
  File "/work/users/t/x/txueying/hf_venv/lib/python3.12/site-packages/transformers/safetensors_conversion.py", line 96, in auto_conversion
    sha = get_conversion_pr_reference(api, pretrained_model_name_or_path, **cached_file_kwargs)
          ^^^^^^^^^^^^^^^^^^^^^^^^^^^^^^^^^^^^^^^^^^^^^^^^^^^^^^^^^^^^^^^^^^^^^^^^^^^^^^^^^^^^^
  File "/work/users/t/x/txueying/hf_venv/lib/python3.12/site-packages/transformers/safetensors_conversion.py", line 60, in get_conversion_pr_reference
    private = api.model_info(model_id).private
              ^^^^^^^^^^^^^^^^^^^^^^^^
  File "/work/users/t/x/txueying/hf_venv/lib/python3.12/site-packages/huggingface_hub/utils/_validators.py", line 88, in _inner_fn
    return fn(*args, **kwargs)
           ^^^^^^^^^^^^^^^^^^^
  File "/work/users/t/x/txueying/hf_venv/lib/python3.12/site-packages/huggingface_hub/hf_api.py", line 3015, in model_info
    hf_raise_for_status(r)
  File "/work/users/t/x/txueying/hf_venv/lib/python3.12/site-packages/huggingface_hub/utils/_http.py", line 880, in hf_raise_for_status
    raise _format(HfHubHTTPError, message, response) from e
huggingface_hub.errors.HfHubHTTPError: (Request ID: Root=1-69daeae4-58eba66c341767f579a5d09a;0a9d46a0-2509-479d-8be0-d83df3f42508)

429 Too Many Requests: you have reached your 'api' rate limit.
Retry after 4 seconds (0/500 requests remaining in current 300s window).
Url: https://huggingface.co/api/models/google/matcha-chartqa.
We had to rate limit your IP (152.2.94.13). To continue using our service, create a HF account or login to your existing account, and make sure you pass a HF_TOKEN if you're using the API.
Loading weights:   0%|          | 0/285 [00:00<?, ?it/s]Loading weights:   0%|          | 1/285 [00:00<01:42,  2.77it/s]Loading weights:  60%|██████    | 172/285 [00:00<00:00, 286.81it/s]Loading weights: 100%|██████████| 285/285 [00:00<00:00, 399.56it/s]
[2026-04-11T20:46:43.946] error: *** JOB 43019015 ON g0308 CANCELLED AT 2026-04-11T20:46:43 DUE to SIGNAL Terminated ***
