Warning: You are sending unauthenticated requests to the HF Hub. Please set a HF_TOKEN to enable higher rate limits and faster downloads.
A new version of the following files was downloaded from https://huggingface.co/openbmb/MiniCPM-V-4:
- modeling_navit_siglip.py
. Make sure to double-check they do not contain any added malicious code. To avoid downloading new versions of the code file, you can pin a revision.
A new version of the following files was downloaded from https://huggingface.co/openbmb/MiniCPM-V-4:
- configuration_minicpm.py
- modeling_navit_siglip.py
. Make sure to double-check they do not contain any added malicious code. To avoid downloading new versions of the code file, you can pin a revision.
`torch_dtype` is deprecated! Use `dtype` instead!
A new version of the following files was downloaded from https://huggingface.co/openbmb/MiniCPM-V-4:
- resampler.py
. Make sure to double-check they do not contain any added malicious code. To avoid downloading new versions of the code file, you can pin a revision.
A new version of the following files was downloaded from https://huggingface.co/openbmb/MiniCPM-V-4:
- modeling_minicpmv.py
- resampler.py
. Make sure to double-check they do not contain any added malicious code. To avoid downloading new versions of the code file, you can pin a revision.
Fetching 2 files:   0%|          | 0/2 [00:00<?, ?it/s]Fetching 2 files:  50%|█████     | 1/2 [00:13<00:13, 13.32s/it]Fetching 2 files: 100%|██████████| 2/2 [00:13<00:00,  6.66s/it]
Traceback (most recent call last):
  File "/nas/longleaf/home/txueying/CGM-VQA/run_eval_minicpmv4_hf.py", line 196, in <module>
    run_evaluation(model_id=args.model, batch_size=args.batch_size)
  File "/nas/longleaf/home/txueying/CGM-VQA/run_eval_minicpmv4_hf.py", line 132, in run_evaluation
    model, tokenizer = load_model(model_id)
                       ^^^^^^^^^^^^^^^^^^^^
  File "/nas/longleaf/home/txueying/CGM-VQA/run_eval_minicpmv4_hf.py", line 51, in load_model
    model = AutoModel.from_pretrained(
            ^^^^^^^^^^^^^^^^^^^^^^^^^^
  File "/work/users/t/x/txueying/hf_venv/lib/python3.12/site-packages/transformers/models/auto/auto_factory.py", line 380, in from_pretrained
    return model_class.from_pretrained(
           ^^^^^^^^^^^^^^^^^^^^^^^^^^^^
  File "/work/users/t/x/txueying/hf_venv/lib/python3.12/site-packages/transformers/modeling_utils.py", line 4113, in from_pretrained
    device_map = _get_device_map(model, device_map, max_memory, hf_quantizer)
                 ^^^^^^^^^^^^^^^^^^^^^^^^^^^^^^^^^^^^^^^^^^^^^^^^^^^^^^^^^^^^
  File "/work/users/t/x/txueying/hf_venv/lib/python3.12/site-packages/transformers/integrations/accelerate.py", line 365, in _get_device_map
    device_map = infer_auto_device_map(
                 ^^^^^^^^^^^^^^^^^^^^^^
  File "/work/users/t/x/txueying/hf_venv/lib/python3.12/site-packages/transformers/integrations/accelerate.py", line 665, in infer_auto_device_map
    ) = _init_infer_auto_device_map(model, max_memory, no_split_module_classes, tied_parameters, hf_quantizer)
        ^^^^^^^^^^^^^^^^^^^^^^^^^^^^^^^^^^^^^^^^^^^^^^^^^^^^^^^^^^^^^^^^^^^^^^^^^^^^^^^^^^^^^^^^^^^^^^^^^^^^^^
  File "/work/users/t/x/txueying/hf_venv/lib/python3.12/site-packages/transformers/integrations/accelerate.py", line 581, in _init_infer_auto_device_map
    if len(model.all_tied_weights_keys) > 0:
           ^^^^^^^^^^^^^^^^^^^^^^^^^^^
  File "/work/users/t/x/txueying/hf_venv/lib/python3.12/site-packages/torch/nn/modules/module.py", line 1729, in __getattr__
    raise AttributeError(f"'{type(self).__name__}' object has no attribute '{name}'")
AttributeError: 'MiniCPMV' object has no attribute 'all_tied_weights_keys'. Did you mean: '_tied_weights_keys'?
